zinc_native_sensor.h examples/native-module/native/sensor.spec.ts
zinc_native_rmpprefresh.h examples/remarkable/notes/native/refresh.spec.ts
zinc_native_render3d.h plugins/3d/native/render3d.spec.ts
zinc_native_canvas2d.h plugins/canvas2d/native/canvas2d.spec.ts
zinc_native_device.h plugins/device/native/device.spec.ts
zinc_native_cdp.h plugins/devtools/native/cdp.spec.ts
zinc_native_ffi.h plugins/ffi/native/ffi.spec.ts
zinc_native_gphoto2.h plugins/gphoto2/native/gphoto2.spec.ts
zinc_native_imu.h plugins/imu-qmi8658/native/imu.spec.ts
zinc_native_lottie.h plugins/lottie/native/lottie.spec.ts
zinc_native_mapengine.h plugins/map/native/map.spec.ts
zinc_native_mapping.h plugins/mapping/native/mapping.spec.ts
zinc_native_process.h plugins/process/native/process.spec.ts
zinc_native_remarkablestatus.h plugins/remarkable/native/status.spec.ts
zinc_native_remote.h plugins/remote-view/native/remote.spec.ts
zinc_native_quickjs.h plugins/script/native/quickjs.spec.ts
zinc_native_socket.h plugins/socket/native/socket.spec.ts
zinc_native_sqlite.h plugins/sqlite/native/sqlite.spec.ts
zinc_native_svgengine.h plugins/svg/native/svg.spec.ts
zinc_native_three.h plugins/three/native/three.spec.ts
zinc_native_video.h plugins/video/native/video.spec.ts
zinc_native_wasm.h plugins/wasm/native/wasm.spec.ts
zinc_native_webview.h plugins/webview/native/webview.spec.ts
